2026-09-17 10:30:53 DEBUG:busco.run_BUSCO	Command line: /home/agostino/miniconda3/envs/agat/bin/busco -i /home/agostino/NAS2/Rice_de_novo/de_novo_assemblies/RufipogonA/RufipogonA.asm.primary.fa.gz -m genome -l poales_odb12.2 -o /home/agostino/NAS2/Rice_de_novo/de_novo_assemblies/RufipogonA/busco/RufipogonA_busco -c 32
2026-09-17 10:30:53 INFO:busco.run_BUSCO	***** Start a BUSCO v6.1.0 analysis, current time: 09/17/2026 10:30:53 *****
2026-09-17 10:30:53 DEBUG:busco.ConfigManager	Getting config file
2026-09-17 10:30:53 INFO:busco.ConfigManager	Configuring BUSCO with local environment
2026-09-17 10:30:53 INFO:busco.BuscoConfig	Running genome mode
2026-09-17 10:30:53 INFO:busco.BuscoDownloadManager	Downloading information on latest versions of BUSCO data...
2026-09-17 10:31:09 DEBUG:busco.BuscoConfig	State of BUSCO config before run:
2026-09-17 10:31:09 DEBUG:busco.BuscoConfig	{'_allow_no_value': False,
 '_comment_prefixes': ('#', ';'),
 '_converters': <configparser.ConverterMapping object at 0x741e364e3740>,
 '_defaults': {},
 '_delimiters': ('=', ':'),
 '_dict': <class 'dict'>,
 '_empty_lines_in_values': True,
 '_inline_comment_prefixes': (),
 '_input_filepath': '/home/agostino/NAS2/Rice_de_novo/de_novo_assemblies/RufipogonA/RufipogonA.asm.primary.fa.gz',
 '_interpolation': <configparser.BasicInterpolation object at 0x74205cf86db0>,
 '_mode': 'genome',
 '_optcre': re.compile('\n        (?P<option>.*?)                    # very permissive!\n        \\s*(?P<vi>=|:)\\s*              # any number of space/tab,\n                                           # followed by any of t, re.VERBOSE),
 '_proxies': {'DEFAULT': <Section: DEFAULT>,
              'augustus': <Section: augustus>,
              'bbtools': <Section: bbtools>,
              'busco_run': <Section: busco_run>,
              'etraining': <Section: etraining>,
              'gff2gbSmallDNA.pl': <Section: gff2gbSmallDNA.pl>,
              'hmmsearch': <Section: hmmsearch>,
              'makeblastdb': <Section: makeblastdb>,
              'metaeuk': <Section: metaeuk>,
              'miniprot': <Section: miniprot>,
              'new_species.pl': <Section: new_species.pl>,
              'optimize_augustus.pl': <Section: optimize_augustus.pl>,
              'prodigal': <Section: prodigal>,
              'sepp': <Section: sepp>,
              'tblastn': <Section: tblastn>},
 '_sections': {'augustus': {'command': '', 'path': ''},
               'bbtools': {'command': '', 'path': ''},
               'busco_run': {'auto-lineage': 'False',
                             'auto-lineage-euk': 'False',
                             'auto-lineage-prok': 'False',
                             'batch_mode': 'False',
                             'cpu': '32',
                             'datasets_version': 'odb12.2',
                             'download_base_url': 'https://busco-data.ezlab.org/v5/data/',
                             'download_path': '/home/agostino/NAS2/Rice_de_novo/scripts/busco_downloads',
                             'force': 'False',
                             'in': '/home/agostino/NAS2/Rice_de_novo/de_novo_assemblies/RufipogonA/RufipogonA.asm.primary.fa.gz',
                             'lineage_dataset': 'poales_odb12.2',
                             'main_out': 'home/agostino/NAS2/Rice_de_novo/de_novo_assemblies/RufipogonA/busco/RufipogonA_busco',
                             'mode': 'genome',
                             'offline': 'False',
                             'opt-out-run-stats': 'False',
                             'out': 'home/agostino/NAS2/Rice_de_novo/de_novo_assemblies/RufipogonA/busco/RufipogonA_busco',
                             'out_path': '/home/agostino/NAS2/Rice_de_novo/scripts',
                             'plot_percentages': 'False',
                             'quiet': 'False',
                             'restart': 'False',
                             'skip_bbtools': 'False',
                             'tar': 'False',
                             'use_augustus': 'False',
                             'use_metaeuk': 'False',
                             'use_miniprot': 'False'},
               'etraining': {'command': '', 'path': ''},
               'gff2gbSmallDNA.pl': {'command': '', 'path': ''},
               'hmmsearch': {'command': '', 'path': ''},
               'makeblastdb': {'command': '', 'path': ''},
               'metaeuk': {'command': '', 'path': ''},
               'miniprot': {'command': '', 'path': ''},
               'new_species.pl': {'command': '', 'path': ''},
               'optimize_augustus.pl': {'command': '', 'path': ''},
               'prodigal': {'command': '', 'path': ''},
               'sepp': {'command': '', 'path': ''},
               'tblastn': {'command': '', 'path': ''}},
 '_strict': True,
 'conf_file': 'local environment',
 'default_section': 'DEFAULT',
 'downloader': <busco.BuscoDownloadManager.BuscoDownloadManager object at 0x741e349f4050>,
 'main_out': 'home/agostino/NAS2/Rice_de_novo/de_novo_assemblies/RufipogonA/busco/RufipogonA_busco',
 'params': {'augustus_parameters': None,
            'augustus_species': None,
            'auto-lineage': False,
            'auto-lineage-euk': False,
            'auto-lineage-prok': False,
            'config_file': None,
            'contig_break': None,
            'cpu': 32,
            'datasets_version': None,
            'download': '==SUPPRESS==',
            'download_base_url': None,
            'download_path': None,
            'evalue': None,
            'force': False,
            'help': '==SUPPRESS==',
            'in': '/home/agostino/NAS2/Rice_de_novo/de_novo_assemblies/RufipogonA/RufipogonA.asm.primary.fa.gz',
            'limit': None,
            'lineage_dataset': 'poales_odb12.2',
            'list_datasets': '==SUPPRESS==',
            'long': False,
            'metaeuk_parameters': None,
            'metaeuk_rerun_parameters': None,
            'mode': 'genome',
            'offline': False,
            'opt-out-run-stats': False,
            'out': '/home/agostino/NAS2/Rice_de_novo/de_novo_assemblies/RufipogonA/busco/RufipogonA_busco',
            'out_path': None,
            'plot': '==SUPPRESS==',
            'plot_percentages': False,
            'quiet': False,
            'restart': False,
            'scaffold_composition': False,
            'skip_bbtools': False,
            'tar': False,
            'use_augustus': False,
            'use_metaeuk': False,
            'use_miniprot': False,
            'version': '==SUPPRESS=='},
 'run_stats': {'cpu': 32,
               'lineage_dataset': ['poales_odb12.2'],
               'mode': 'genome'}}
2026-09-17 10:31:09 INFO:busco.BuscoRunner	Input file is /home/agostino/NAS2/Rice_de_novo/de_novo_assemblies/RufipogonA/RufipogonA.asm.primary.fa.gz
2026-09-17 10:31:09 INFO:busco.BuscoDownloadManager	Downloading file 'https://busco-data.ezlab.org/v5/data/lineages/poales_odb12.2.2026-05-13.tar.gz'
2026-09-17 10:35:00 ERROR:busco.run_BUSCO	A signal was sent to kill the process. 
BUSCO analysis failed !
2026-09-17 10:35:00 DEBUG:busco.run_BUSCO	A signal was sent to kill the process. 
BUSCO analysis failed !
Traceback (most recent call last):
  File "/home/agostino/miniconda3/envs/agat/lib/python3.12/site-packages/busco/BuscoRunner.py", line 111, in run
    self.get_lineage()
  File "/home/agostino/miniconda3/envs/agat/lib/python3.12/site-packages/busco/BuscoRunner.py", line 72, in get_lineage
    self.config.load_dataset(self.lineage_dataset)
  File "/home/agostino/miniconda3/envs/agat/lib/python3.12/site-packages/busco/BuscoConfig.py", line 242, in load_dataset
    self.download_lineage_file(
  File "/home/agostino/miniconda3/envs/agat/lib/python3.12/site-packages/busco/BuscoConfig.py", line 236, in download_lineage_file
    local_lineage_filepath = self.downloader.get(lineage, "lineages")
                             ^^^^^^^^^^^^^^^^^^^^^^^^^^^^^^^^^^^^^^^^
  File "/home/agostino/miniconda3/envs/agat/lib/python3.12/site-packages/busco/BuscoDownloadManager.py", line 250, in get
    download_success = self._download_file(
                       ^^^^^^^^^^^^^^^^^^^^
  File "/home/agostino/miniconda3/envs/agat/lib/python3.12/site-packages/busco/BuscoLogger.py", line 68, in wrapped_func
    self.retval = func(*args, **kwargs)
                  ^^^^^^^^^^^^^^^^^^^^^
  File "/home/agostino/miniconda3/envs/agat/lib/python3.12/site-packages/busco/BuscoDownloadManager.py", line 320, in _download_file
    urllib.request.urlretrieve(remote_filepath, local_filepath)
  File "/home/agostino/miniconda3/envs/agat/lib/python3.12/urllib/request.py", line 268, in urlretrieve
    while block := fp.read(bs):
                   ^^^^^^^^^^^
  File "/home/agostino/miniconda3/envs/agat/lib/python3.12/http/client.py", line 484, in read
    s = self.fp.read(amt)
        ^^^^^^^^^^^^^^^^^
  File "/home/agostino/miniconda3/envs/agat/lib/python3.12/socket.py", line 720, in readinto
    return self._sock.recv_into(b)
           ^^^^^^^^^^^^^^^^^^^^^^^
  File "/home/agostino/miniconda3/envs/agat/lib/python3.12/ssl.py", line 1251, in recv_into
    return self.read(nbytes, buffer)
           ^^^^^^^^^^^^^^^^^^^^^^^^^
  File "/home/agostino/miniconda3/envs/agat/lib/python3.12/ssl.py", line 1103, in read
    return self._sslobj.read(len, buffer)
           ^^^^^^^^^^^^^^^^^^^^^^^^^^^^^^
KeyboardInterrupt

During handling of the above exception, another exception occurred:

Traceback (most recent call last):
  File "/home/agostino/miniconda3/envs/agat/lib/python3.12/site-packages/busco/run_BUSCO.py", line 95, in run
    runner.run()
  File "/home/agostino/miniconda3/envs/agat/lib/python3.12/site-packages/busco/BuscoLogger.py", line 68, in wrapped_func
    self.retval = func(*args, **kwargs)
                  ^^^^^^^^^^^^^^^^^^^^^
  File "/home/agostino/miniconda3/envs/agat/lib/python3.12/site-packages/busco/BuscoRunner.py", line 181, in run
    input_file_checksum, input_file_size = self.get_input_checksum()
                                           ^^^^^^^^^^^^^^^^^^^^^^^^^
  File "/home/agostino/miniconda3/envs/agat/lib/python3.12/site-packages/busco/BuscoRunner.py", line 249, in get_input_checksum
    md5_hash.update(chunk)
KeyboardInterrupt
2026-09-17 10:35:00 ERROR:busco.run_BUSCO	BUSCO analysis failed!
2026-09-17 10:35:00 ERROR:busco.run_BUSCO	Check the logs, read the user guide (https://busco.ezlab.org/busco_userguide.html), and check the BUSCO issue board on https://gitlab.com/ezlab/busco/issues

2026-09-17 10:35:00 INFO:busco.run_BUSCO	Thank you for using BUSCO! Anonymous usage data is gathered to improve the tool. You may opt out with --opt-out-run-stats.
2026-09-17 10:35:00 DEBUG:urllib3.connectionpool	Starting new HTTPS connection (1): ipinfo.io:443
2026-09-17 10:35:00 DEBUG:urllib3.connectionpool	Starting new HTTPS connection (1): ipinfo.io:443
